// Jest Snapshot v1, https://goo.gl/fbAQLP

exports[`Badge renders 1`] = `
<div
  className="badge middle info"
>
  <div
    className="Flex rowGap1 columnGap0 xsDirectionRow xsItemsCenter"
    style={
      Object {
        "maxHeight": 20,
      }
    }
  >
    <div
      className="FlexItem"
    >
      <div
        className="box contentCenter xsDisplayFlex"
        style={
          Object {
            "maxHeight": 20,
          }
        }
      >
        <span
          className="Text fontSize200 inverse alignStart breakWord fontWeightSemiBold"
        >
          Badge
        </span>
      </div>
    </div>
  </div>
</div>
`;
